######## 1. load
crw-rw---- 1 root kvault  235, 0 Oct  4 12:04 /dev/kvault
cr--r----- 1 root kvaudit 235, 1 Oct  4 12:04 /dev/kvault_audit
######## 2. setup users (idempotent)
exists:  kv_alice (uid 997)
exists:  kv_bob (uid 996)
exists:  kv_eve (uid 995)
exists:  kv_carol (uid 994)
exists:  group kvault
exists:  group kvaudit
######## 3. unseal
Vault is uninitialized; this passphrase will become the vault's.
unsealed (0 secrets, auto-lock in 300s)
######## 4. kvsim: the multi-user simulation

USER       ROLE       OP      SECRET               RESULT   EXPECTED VERDICT
------------------------------------------------------------------------------
kv_alice   developer  GET     db_password          allow    allow    PASS
kv_alice   developer  PUT     db_password          deny     deny     PASS
kv_alice   developer  GET     tls_key              deny     deny     PASS
kv_alice   developer  DELETE  db_password          deny     deny     PASS
kv_alice   developer  LIST    -                    allow    allow    PASS
kv_alice   developer  PUT     alice_notes          allow    allow    PASS
kv_alice   developer  GET     alice_notes          allow    allow    PASS
kv_bob     developer  GET     tls_key              allow    allow    PASS
kv_bob     developer  GET     db_password          allow    allow    PASS
kv_bob     developer  ROTATE  tls_key              deny     deny     PASS
kv_eve     guest      GET     db_password          deny     deny     PASS
kv_eve     guest      GET     tls_key              deny     deny     PASS
kv_eve     guest      PUT     backdoor             deny     deny     PASS
kv_eve     guest      LIST    -                    allow    allow    PASS
kv_carol   auditor    AUDIT   -                    allow    allow    PASS
kv_carol   auditor    GET     db_password          deny     deny     PASS

16/16 steps behaved as the policy says they should

--- the kernel's own audit log for this run (14 records)
  [10] uid=997 pid=46591 role=developer op=GET name=db_password -> ALLOW
  [11] uid=997 pid=46591 role=developer op=PUT name=db_password -> DENY (errno 13)
  [12] uid=997 pid=46591 role=developer op=GET name=tls_key -> DENY (errno 13)
  [13] uid=997 pid=46591 role=developer op=DELETE name=db_password -> DENY (errno 13)
  [14] uid=997 pid=46591 role=developer op=LIST name=- -> ALLOW
  [15] uid=997 pid=46591 role=developer op=PUT name=alice_notes -> ALLOW
  [16] uid=997 pid=46591 role=developer op=GET name=alice_notes -> ALLOW
  [17] uid=996 pid=46592 role=developer op=GET name=tls_key -> ALLOW
  [18] uid=996 pid=46592 role=developer op=GET name=db_password -> ALLOW
  [19] uid=996 pid=46592 role=developer op=ROTATE name=tls_key -> DENY (errno 13)
  [20] uid=995 pid=46593 role=guest op=GET name=db_password -> DENY (errno 13)
  [21] uid=995 pid=46593 role=guest op=GET name=tls_key -> DENY (errno 13)
  [22] uid=995 pid=46593 role=guest op=PUT name=backdoor -> DENY (errno 13)
  [23] uid=995 pid=46593 role=guest op=LIST name=- -> ALLOW
  7 of 14 records are denials
######## 5. benchmark
crypto driver: generic-gcm-vaes-avx2 (hardware-accelerated)
      size        ops        us/op         MB/s
        16       3000         0.89         17.2
       256       3000         0.88        278.4
      1024       3000         0.97       1008.6
      4096       3000         1.22       3209.2
######## 6. unit + integration suites
== unit/crypto-helpers (7 cases)
  ok    securebuffer_starts_zeroed
  ok    securebuffer_wipe_clears_every_byte
  ok    securebuffer_wipe_is_not_elided_at_O2
  ok    kdf_is_deterministic_for_the_same_inputs
  ok    kdf_output_changes_with_salt_passphrase_and_iterations
  ok    kdf_rejects_zero_iterations
  ok    random_salts_do_not_repeat
-- unit/crypto-helpers: 7 passed, 0 skipped, 0 failed
== unit/policy (7 cases)
  ok    perms_single_letters
  ok    perms_combinations_are_order_independent
  ok    perms_rejects_nonsense
  ok    role_names_map_to_ids
  ok    parses_uids_comments_and_blank_lines
  ok    reports_the_offending_line_number
  ok    rejects_an_unknown_keyword
-- unit/policy: 7 passed, 0 skipped, 0 failed
== unit/sealedstore (11 cases)
  ok    save_then_load_round_trips
  ok    saved_file_is_private_to_its_owner
  ok    save_leaves_no_temporary_behind
  ok    save_replaces_the_previous_contents_entirely
  ok    header_parses_magic_version_and_parameters
  ok    header_rejects_a_wrong_magic
  ok    header_rejects_a_future_version
  ok    header_rejects_a_truncated_file
  ok    header_rejects_zero_iterations
  ok    exists_is_false_for_a_missing_file
  ok    load_rejects_a_directory
-- unit/sealedstore: 11 passed, 0 skipped, 0 failed
== integration/ioctl (19 cases)
  ok    status_reports_a_sane_abi_and_state
  ok    an_unknown_ioctl_is_rejected
  ok    names_are_validated
  ok    empty_and_oversized_values_are_rejected
  ok    round_trip_at_both_size_boundaries
  ok    a_value_containing_nul_bytes_survives
  ok    missing_secrets_report_enoent
  ok    put_overwrites_and_bumps_the_version
  ok    rotate_preserves_the_plaintext
  ok    delete_removes_it
  ok    list_includes_what_we_just_stored
  ok    grant_rejects_undefined_permission_bits
  ok    revoking_an_absent_entry_reports_enoent
  ok    set_role_rejects_an_unknown_role
  ok    export_import_round_trip
  ok    import_rejects_rubbish
  ok    import_rejects_a_single_flipped_bit
  ok    fuzz_names_and_lengths
  ok    the_audit_device_rejects_ioctls_and_short_reads
-- integration/ioctl: 19 passed, 0 skipped, 0 failed
######## 7. system suite (leaves the vault locked; runs last)
== system/lifecycle (4 cases)
  ok    concurrent_readers_all_get_the_right_plaintext
  ok    concurrent_writers_do_not_corrupt_the_store
  ok    the_vault_locks_itself_when_idle
        note: the vault is left locked; unseal it again before further use
  ok    a_locked_vault_denies_every_operation
-- system/lifecycle: 4 passed, 0 skipped, 0 failed
######## 8. kernel health
  (no lines above the marker = clean)
  [ 3068.193161] kvault: loaded (major 235, crypto=generic-gcm-vaes-avx2 accel=1, autolock=300s, max_attempts=3, max_secrets=1024)
  [ 3069.251264] kvault: vault initialized by uid 0
  [ 3070.282159] kvault: imported 4 secrets
  [ 3070.282602] kvault: import: entry 'alice_notes' failed authentication (-74)
  [ 3072.298507] kvault: auto-locked after 2 s of inactivity
######## 9. unload
  rmmod clean
  build tree handed back to 1000:1000
